{"boxes": [[0.5642781575520833, 0.46238600413004555, 0.8565807342529297, 0.39794400533040364], [0.5654391606648763, 0.47171688079833984, 0.8616171518961588, 0.5718514760335286], [0.5671466827392578, 0.39523111979166664, 0.8472864786783855, 0.7772132873535156], [0.5632897694905599, 0.5351762135823568, 0.8582330067952474, 0.5331632614135742], [0.5612407048543294, 0.5351426442464192, 0.8584355672200521, 0.5247940063476563], [0.5581306457519531, 0.5137341181437175, 0.8271792093912761, 0.5657431284586588], [0.5605929056803386, 0.5404504140218099, 0.8542230606079102, 0.5404390335083008], [0.5574728647867838, 0.5369651158650716, 0.8503288904825846, 0.5344806671142578], [0.5396830876668294, 0.5381575266520182, 0.7924681345621745, 0.528944714864095]], "confidences": [0.5657877922058105, 0.4511800706386566, 0.7776792049407959, 0.6450477838516235, 0.8077622652053833, 0.8562954068183899, 0.6637659072875977, 0.7614895701408386, 0.6199713945388794], "classes": [0, 0, 0, 0, 0, 0, 0, 0, 0]}